
         /\      Grafana   /‾‾/  
    /\  /  \     |\  __   /  /   
   /  \/    \    | |/ /  /   ‾‾\ 
  /          \   |   (  |  (‾)  |
 / __________ \  |_|\_\  \_____/ 


     execution: local
        script: perf/booking-preauthenticated.js
        output: -

     scenarios: (100.00%) 1 scenario, 100 max VUs, 5m30s max duration (incl. graceful stop):
              * booking_preauthenticated: 1 iterations for each of 100 VUs (maxDuration: 5m0s, gracefulStop: 30s)


running (0m00.8s), 100/100 VUs, 0 complete and 0 interrupted iterations
booking_preauthenticated   [   0% ] 100 VUs  0m00.8s/5m0s  000/100 iters, 1 per VU

running (0m01.8s), 100/100 VUs, 0 complete and 0 interrupted iterations
booking_preauthenticated   [   0% ] 100 VUs  0m01.8s/5m0s  000/100 iters, 1 per VU

running (0m02.8s), 100/100 VUs, 0 complete and 0 interrupted iterations
booking_preauthenticated   [   0% ] 100 VUs  0m02.8s/5m0s  000/100 iters, 1 per VU

running (0m03.8s), 100/100 VUs, 0 complete and 0 interrupted iterations
booking_preauthenticated   [   0% ] 100 VUs  0m03.8s/5m0s  000/100 iters, 1 per VU

running (0m04.8s), 100/100 VUs, 0 complete and 0 interrupted iterations
booking_preauthenticated   [   0% ] 100 VUs  0m04.8s/5m0s  000/100 iters, 1 per VU

running (0m05.8s), 100/100 VUs, 0 complete and 0 interrupted iterations
booking_preauthenticated   [   0% ] 100 VUs  0m05.8s/5m0s  000/100 iters, 1 per VU

running (0m06.8s), 097/100 VUs, 3 complete and 0 interrupted iterations
booking_preauthenticated   [   3% ] 100 VUs  0m06.8s/5m0s  003/100 iters, 1 per VU


  █ TOTAL RESULTS 

    CUSTOM
    expected_business_conflicts....: 0.00%  0 out of 100
    hold_latency_ms................: min=1.12s  avg=1.95s med=1.76s p(90)=2.76s p(95)=2.8s  p(99)=4.6s  max=4.6s 
    unexpected_failures............: 0.00%  0 out of 100

    HTTP
    http_req_duration..............: min=27.9ms avg=1.81s med=1.49s p(90)=3.33s p(95)=3.76s p(99)=3.94s max=4.6s 
      { expected_response:true }...: min=27.9ms avg=1.81s med=1.49s p(90)=3.33s p(95)=3.76s p(99)=3.94s max=4.6s 
    http_req_failed................: 0.00%  0 out of 500
    http_reqs......................: 500    71.006987/s

    EXECUTION
    iteration_duration.............: min=6.19s  avg=6.94s med=6.95s p(90)=7.01s p(95)=7.02s p(99)=7.03s max=7.03s
    iterations.....................: 100    14.201397/s
    vus............................: 97     min=97       max=100
    vus_max........................: 100    min=100      max=100

    NETWORK
    data_received..................: 60 MB  8.5 MB/s
    data_sent......................: 299 kB 43 kB/s




running (0m07.0s), 000/100 VUs, 100 complete and 0 interrupted iterations
booking_preauthenticated ✓ [ 100% ] 100 VUs  0m07.0s/5m0s  100/100 iters, 1 per VU
