
         /\      Grafana   /‾‾/  
    /\  /  \     |\  __   /  /   
   /  \/    \    | |/ /  /   ‾‾\ 
  /          \   |   (  |  (‾)  |
 / __________ \  |_|\_\  \_____/ 


     execution: local
        script: perf/booking-preauthenticated.js
        output: -

     scenarios: (100.00%) 1 scenario, 100 max VUs, 5m30s max duration (incl. graceful stop):
              * booking_preauthenticated: 1 iterations for each of 100 VUs (maxDuration: 5m0s, gracefulStop: 30s)


running (0m00.8s), 100/100 VUs, 0 complete and 0 interrupted iterations
booking_preauthenticated   [   0% ] 100 VUs  0m00.8s/5m0s  000/100 iters, 1 per VU

running (0m01.8s), 100/100 VUs, 0 complete and 0 interrupted iterations
booking_preauthenticated   [   0% ] 100 VUs  0m01.8s/5m0s  000/100 iters, 1 per VU

running (0m02.8s), 100/100 VUs, 0 complete and 0 interrupted iterations
booking_preauthenticated   [   0% ] 100 VUs  0m02.8s/5m0s  000/100 iters, 1 per VU

running (0m03.8s), 100/100 VUs, 0 complete and 0 interrupted iterations
booking_preauthenticated   [   0% ] 100 VUs  0m03.8s/5m0s  000/100 iters, 1 per VU

running (0m04.8s), 099/100 VUs, 1 complete and 0 interrupted iterations
booking_preauthenticated   [   1% ] 100 VUs  0m04.8s/5m0s  001/100 iters, 1 per VU


  █ TOTAL RESULTS 

    CUSTOM
    expected_business_conflicts....: 0.00%  0 out of 100
    hold_latency_ms................: min=1s      avg=1.72s med=1.31s p(90)=2.49s p(95)=2.49s p(99)=3.27s max=3.65s
    unexpected_failures............: 0.00%  0 out of 100

    HTTP
    http_req_duration..............: min=18.79ms avg=1.35s med=1.29s p(90)=2.55s p(95)=2.56s p(99)=2.67s max=3.65s
      { expected_response:true }...: min=18.79ms avg=1.35s med=1.29s p(90)=2.55s p(95)=2.56s p(99)=2.67s max=3.65s
    http_req_failed................: 0.00%  0 out of 500
    http_reqs......................: 500    97.919226/s

    EXECUTION
    iteration_duration.............: min=4.64s   avg=5.03s med=5.05s p(90)=5.09s p(95)=5.09s p(99)=5.1s  max=5.1s 
    iterations.....................: 100    19.583845/s
    vus............................: 99     min=99       max=100
    vus_max........................: 100    min=100      max=100

    NETWORK
    data_received..................: 60 MB  12 MB/s
    data_sent......................: 299 kB 59 kB/s




running (0m05.1s), 000/100 VUs, 100 complete and 0 interrupted iterations
booking_preauthenticated ✓ [ 100% ] 100 VUs  0m05.1s/5m0s  100/100 iters, 1 per VU
