
         /\      Grafana   /‾‾/  
    /\  /  \     |\  __   /  /   
   /  \/    \    | |/ /  /   ‾‾\ 
  /          \   |   (  |  (‾)  |
 / __________ \  |_|\_\  \_____/ 


     execution: local
        script: perf/booking-preauthenticated.js
        output: -

     scenarios: (100.00%) 1 scenario, 100 max VUs, 5m30s max duration (incl. graceful stop):
              * booking_preauthenticated: 1 iterations for each of 100 VUs (maxDuration: 5m0s, gracefulStop: 30s)


running (0m00.8s), 100/100 VUs, 0 complete and 0 interrupted iterations
booking_preauthenticated   [   0% ] 100 VUs  0m00.8s/5m0s  000/100 iters, 1 per VU

running (0m01.8s), 100/100 VUs, 0 complete and 0 interrupted iterations
booking_preauthenticated   [   0% ] 100 VUs  0m01.8s/5m0s  000/100 iters, 1 per VU

running (0m02.8s), 100/100 VUs, 0 complete and 0 interrupted iterations
booking_preauthenticated   [   0% ] 100 VUs  0m02.8s/5m0s  000/100 iters, 1 per VU

running (0m03.8s), 100/100 VUs, 0 complete and 0 interrupted iterations
booking_preauthenticated   [   0% ] 100 VUs  0m03.8s/5m0s  000/100 iters, 1 per VU

running (0m04.8s), 100/100 VUs, 0 complete and 0 interrupted iterations
booking_preauthenticated   [   0% ] 100 VUs  0m04.8s/5m0s  000/100 iters, 1 per VU

running (0m05.8s), 098/100 VUs, 2 complete and 0 interrupted iterations
booking_preauthenticated   [   2% ] 100 VUs  0m05.8s/5m0s  002/100 iters, 1 per VU


  █ TOTAL RESULTS 

    CUSTOM
    expected_business_conflicts....: 0.00%  0 out of 100
    hold_latency_ms................: min=1.09s   avg=1.81s med=1.71s p(90)=1.97s p(95)=3.27s p(99)=3.71s max=3.73s
    unexpected_failures............: 0.00%  0 out of 100

    HTTP
    http_req_duration..............: min=28.47ms avg=1.47s med=1.37s p(90)=2.38s p(95)=2.43s p(99)=3.27s max=3.73s
      { expected_response:true }...: min=28.47ms avg=1.47s med=1.37s p(90)=2.38s p(95)=2.43s p(99)=3.27s max=3.73s
    http_req_failed................: 0.00%  0 out of 500
    http_reqs......................: 500    84.646813/s

    EXECUTION
    iteration_duration.............: min=5.39s   avg=5.85s med=5.86s p(90)=5.88s p(95)=5.89s p(99)=5.9s  max=5.9s 
    iterations.....................: 100    16.929363/s
    vus............................: 98     min=98       max=100
    vus_max........................: 100    min=100      max=100

    NETWORK
    data_received..................: 60 MB  10 MB/s
    data_sent......................: 299 kB 51 kB/s




running (0m05.9s), 000/100 VUs, 100 complete and 0 interrupted iterations
booking_preauthenticated ✓ [ 100% ] 100 VUs  0m05.9s/5m0s  100/100 iters, 1 per VU
