◇ injected env (0) from .env // tip: ◈ encrypted .env [www.dotenvx.com]
Redis Subscriber dang hoat dong...
MongoDB connected
Redis Labs đã sẵn sàng!
Redis Test: OK
Server running on http://localhost:3003
Số lượng vé theo từng loại đang giữ trong request này: { '6a842bde5536c59a817c6fd4': 1 }
Số lượng vé theo từng loại đang giữ trong request này: { '6a842bde5536c59a817c6fd4': 1 }
Số lượng vé theo từng loại đang giữ trong request này: { '6a842bde5536c59a817c6fd4': 1 }
Số lượng vé theo từng loại đang giữ trong request này: { '6a842bde5536c59a817c6fd4': 1 }
Số lượng vé theo từng loại đang giữ trong request này: { '6a842bde5536c59a817c6fd4': 1 }
Số lượng vé theo từng loại đang giữ trong request này: { '6a842bde5536c59a817c6fd4': 1 }
Số lượng vé theo từng loại đang giữ trong request này: { '6a842bde5536c59a817c6fd4': 1 }
Số lượng vé theo từng loại đang giữ trong request này: { '6a842bde5536c59a817c6fd4': 1 }
Số lượng vé theo từng loại đang giữ trong request này: { '6a842bde5536c59a817c6fd4': 1 }
Số lượng vé theo từng loại đang giữ trong request này: { '6a842bde5536c59a817c6fd4': 1 }
Số lượng vé theo từng loại đang giữ trong request này: { '6a842bde5536c59a817c6fd4': 1 }
Số lượng vé theo từng loại đang giữ trong request này: { '6a842bde5536c59a817c6fd4': 1 }
Số lượng vé theo từng loại đang giữ trong request này: { '6a842bde5536c59a817c6fd4': 1 }
Số lượng vé theo từng loại đang giữ trong request này: { '6a842bde5536c59a817c6fd4': 1 }
Số lượng vé theo từng loại đang giữ trong request này: { '6a842bde5536c59a817c6fd4': 1 }
Số lượng vé theo từng loại đang giữ trong request này: { '6a842bde5536c59a817c6fd4': 1 }
Số lượng vé theo từng loại đang giữ trong request này: { '6a842bde5536c59a817c6fd4': 1 }
Số lượng vé theo từng loại đang giữ trong request này: { '6a842bde5536c59a817c6fd4': 1 }
Số lượng vé theo từng loại đang giữ trong request này: { '6a842bde5536c59a817c6fd4': 1 }
Số lượng vé theo từng loại đang giữ trong request này: { '6a842bde5536c59a817c6fd4': 1 }
Số lượng vé theo từng loại đang giữ trong request này: { '6a842bde5536c59a817c6fd4': 1 }
Số lượng vé theo từng loại đang giữ trong request này: { '6a842bde5536c59a817c6fd4': 1 }
Số lượng vé theo từng loại đang giữ trong request này: { '6a842bde5536c59a817c6fd4': 1 }
Số lượng vé theo từng loại đang giữ trong request này: { '6a842bde5536c59a817c6fd4': 1 }
Số lượng vé theo từng loại đang giữ trong request này: { '6a842bde5536c59a817c6fd4': 1 }
Số lượng vé theo từng loại đang giữ trong request này: { '6a842bde5536c59a817c6fd4': 1 }
Số lượng vé theo từng loại đang giữ trong request này: { '6a842bde5536c59a817c6fd4': 1 }
Số lượng vé theo từng loại đang giữ trong request này: { '6a842bde5536c59a817c6fd4': 1 }
Số lượng vé theo từng loại đang giữ trong request này: { '6a842bde5536c59a817c6fd4': 1 }
Số lượng vé theo từng loại đang giữ trong request này: { '6a842bde5536c59a817c6fd4': 1 }
Số lượng vé theo từng loại đang giữ trong request này: { '6a842bde5536c59a817c6fd4': 1 }
Số lượng vé theo từng loại đang giữ trong request này: { '6a842bde5536c59a817c6fd4': 1 }
Số lượng vé theo từng loại đang giữ trong request này: { '6a842bde5536c59a817c6fd4': 1 }
Số lượng vé theo từng loại đang giữ trong request này: { '6a842bde5536c59a817c6fd4': 1 }
Số lượng vé theo từng loại đang giữ trong request này: { '6a842bde5536c59a817c6fd4': 1 }
Số lượng vé theo từng loại đang giữ trong request này: { '6a842bde5536c59a817c6fd4': 1 }
Số lượng vé theo từng loại đang giữ trong request này: { '6a842bde5536c59a817c6fd4': 1 }
Số lượng vé theo từng loại đang giữ trong request này: { '6a842bde5536c59a817c6fd4': 1 }
Số lượng vé theo từng loại đang giữ trong request này: { '6a842bde5536c59a817c6fd4': 1 }
Số lượng vé theo từng loại đang giữ trong request này: { '6a842bde5536c59a817c6fd4': 1 }
Số lượng vé theo từng loại đang giữ trong request này: { '6a842bde5536c59a817c6fd4': 1 }
Số lượng vé theo từng loại đang giữ trong request này: { '6a842bde5536c59a817c6fd4': 1 }
Số lượng vé theo từng loại đang giữ trong request này: { '6a842bde5536c59a817c6fd4': 1 }
Số lượng vé theo từng loại đang giữ trong request này: { '6a842bde5536c59a817c6fd4': 1 }
Số lượng vé theo từng loại đang giữ trong request này: { '6a842bde5536c59a817c6fd4': 1 }
Số lượng vé theo từng loại đang giữ trong request này: { '6a842bde5536c59a817c6fd4': 1 }
Số lượng vé theo từng loại đang giữ trong request này: { '6a842bde5536c59a817c6fd4': 1 }
Số lượng vé theo từng loại đang giữ trong request này: { '6a842bde5536c59a817c6fd4': 1 }
Số lượng vé theo từng loại đang giữ trong request này: { '6a842bde5536c59a817c6fd4': 1 }
Số lượng vé theo từng loại đang giữ trong request này: { '6a842bde5536c59a817c6fd4': 1 }
Số lượng vé theo từng loại đang giữ trong request này: { '6a842bde5536c59a817c6fd4': 1 }
Số lượng vé theo từng loại đang giữ trong request này: { '6a842bde5536c59a817c6fd4': 1 }
Số lượng vé theo từng loại đang giữ trong request này: { '6a842bde5536c59a817c6fd4': 1 }
Số lượng vé theo từng loại đang giữ trong request này: { '6a842bde5536c59a817c6fd4': 1 }
Số lượng vé theo từng loại đang giữ trong request này: { '6a842bde5536c59a817c6fd4': 1 }
Số lượng vé theo từng loại đang giữ trong request này: { '6a842bde5536c59a817c6fd4': 1 }
Số lượng vé theo từng loại đang giữ trong request này: { '6a842bde5536c59a817c6fd4': 1 }
Số lượng vé theo từng loại đang giữ trong request này: { '6a842bde5536c59a817c6fd4': 1 }
Số lượng vé theo từng loại đang giữ trong request này: { '6a842bde5536c59a817c6fd4': 1 }
Số lượng vé theo từng loại đang giữ trong request này: { '6a842bde5536c59a817c6fd4': 1 }
Số lượng vé theo từng loại đang giữ trong request này: { '6a842bde5536c59a817c6fd4': 1 }
Số lượng vé theo từng loại đang giữ trong request này: { '6a842bde5536c59a817c6fd4': 1 }
Số lượng vé theo từng loại đang giữ trong request này: { '6a842bde5536c59a817c6fd4': 1 }
Số lượng vé theo từng loại đang giữ trong request này: { '6a842bde5536c59a817c6fd4': 1 }
Số lượng vé theo từng loại đang giữ trong request này: { '6a842bde5536c59a817c6fd4': 1 }
Số lượng vé theo từng loại đang giữ trong request này: { '6a842bde5536c59a817c6fd4': 1 }
Số lượng vé theo từng loại đang giữ trong request này: { '6a842bde5536c59a817c6fd4': 1 }
Số lượng vé theo từng loại đang giữ trong request này: { '6a842bde5536c59a817c6fd4': 1 }
Số lượng vé theo từng loại đang giữ trong request này: { '6a842bde5536c59a817c6fd4': 1 }
Số lượng vé theo từng loại đang giữ trong request này: { '6a842bde5536c59a817c6fd4': 1 }
Số lượng vé theo từng loại đang giữ trong request này: { '6a842bde5536c59a817c6fd4': 1 }
Số lượng vé theo từng loại đang giữ trong request này: { '6a842bde5536c59a817c6fd4': 1 }
Số lượng vé theo từng loại đang giữ trong request này: { '6a842bde5536c59a817c6fd4': 1 }
Số lượng vé theo từng loại đang giữ trong request này: { '6a842bde5536c59a817c6fd4': 1 }
Số lượng vé theo từng loại đang giữ trong request này: { '6a842bde5536c59a817c6fd4': 1 }
Số lượng vé theo từng loại đang giữ trong request này: { '6a842bde5536c59a817c6fd4': 1 }
Số lượng vé theo từng loại đang giữ trong request này: { '6a842bde5536c59a817c6fd4': 1 }
Số lượng vé theo từng loại đang giữ trong request này: { '6a842bde5536c59a817c6fd4': 1 }
Số lượng vé theo từng loại đang giữ trong request này: { '6a842bde5536c59a817c6fd4': 1 }
Số lượng vé theo từng loại đang giữ trong request này: { '6a842bde5536c59a817c6fd4': 1 }
Số lượng vé theo từng loại đang giữ trong request này: { '6a842bde5536c59a817c6fd4': 1 }
Số lượng vé theo từng loại đang giữ trong request này: { '6a842bde5536c59a817c6fd4': 1 }
Số lượng vé theo từng loại đang giữ trong request này: { '6a842bde5536c59a817c6fd4': 1 }
Số lượng vé theo từng loại đang giữ trong request này: { '6a842bde5536c59a817c6fd4': 1 }
Số lượng vé theo từng loại đang giữ trong request này: { '6a842bde5536c59a817c6fd4': 1 }
Số lượng vé theo từng loại đang giữ trong request này: { '6a842bde5536c59a817c6fd4': 1 }
Số lượng vé theo từng loại đang giữ trong request này: { '6a842bde5536c59a817c6fd4': 1 }
Số lượng vé theo từng loại đang giữ trong request này: { '6a842bde5536c59a817c6fd4': 1 }
Số lượng vé theo từng loại đang giữ trong request này: { '6a842bde5536c59a817c6fd4': 1 }
Số lượng vé theo từng loại đang giữ trong request này: { '6a842bde5536c59a817c6fd4': 1 }
Số lượng vé theo từng loại đang giữ trong request này: { '6a842bde5536c59a817c6fd4': 1 }
Số lượng vé theo từng loại đang giữ trong request này: { '6a842bde5536c59a817c6fd4': 1 }
Số lượng vé theo từng loại đang giữ trong request này: { '6a842bde5536c59a817c6fd4': 1 }
Số lượng vé theo từng loại đang giữ trong request này: { '6a842bde5536c59a817c6fd4': 1 }
Số lượng vé theo từng loại đang giữ trong request này: { '6a842bde5536c59a817c6fd4': 1 }
Số lượng vé theo từng loại đang giữ trong request này: { '6a842bde5536c59a817c6fd4': 1 }
Số lượng vé theo từng loại đang giữ trong request này: { '6a842bde5536c59a817c6fd4': 1 }
Số lượng vé theo từng loại đang giữ trong request này: { '6a842bde5536c59a817c6fd4': 1 }
Số lượng vé theo từng loại đang giữ trong request này: { '6a842bde5536c59a817c6fd4': 1 }
📢 [Trạm 1] Đang publish cho ghế 6a842bde5536c59a817c7472 của Show 6a842bde5536c59a817c6fd2
📢 [Trạm 1] Đang publish cho ghế 6a842bde5536c59a817c70c6 của Show 6a842bde5536c59a817c6fd2
📢 [Trạm 1] Đang publish cho ghế 6a842bde5536c59a817c76de của Show 6a842bde5536c59a817c6fd2
📢 [Trạm 1] Đang publish cho ghế 6a842bde5536c59a817c75ee của Show 6a842bde5536c59a817c6fd2
📢 [Trạm 1] Đang publish cho ghế 6a842bde5536c59a817c767a của Show 6a842bde5536c59a817c6fd2
📢 [Trạm 1] Đang publish cho ghế 6a842bde5536c59a817c721a của Show 6a842bde5536c59a817c6fd2
📢 [Trạm 1] Đang publish cho ghế 6a842bde5536c59a817c7206 của Show 6a842bde5536c59a817c6fd2
📢 [Trạm 1] Đang publish cho ghế 6a842bde5536c59a817c7616 của Show 6a842bde5536c59a817c6fd2
📢 [Trạm 1] Đang publish cho ghế 6a842bde5536c59a817c73aa của Show 6a842bde5536c59a817c6fd2
📢 [Trạm 1] Đang publish cho ghế 6a842bde5536c59a817c7332 của Show 6a842bde5536c59a817c6fd2
📢 [Trạm 1] Đang publish cho ghế 6a842bde5536c59a817c740e của Show 6a842bde5536c59a817c6fd2
📢 [Trạm 1] Đang publish cho ghế 6a842bde5536c59a817c7152 của Show 6a842bde5536c59a817c6fd2
📢 [Trạm 1] Đang publish cho ghế 6a842bde5536c59a817c7026 của Show 6a842bde5536c59a817c6fd2
📢 [Trạm 1] Đang publish cho ghế 6a842bde5536c59a817c763e của Show 6a842bde5536c59a817c6fd2
📢 [Trạm 1] Đang publish cho ghế 6a842bde5536c59a817c7512 của Show 6a842bde5536c59a817c6fd2
📢 [Trạm 1] Đang publish cho ghế 6a842bde5536c59a817c703a của Show 6a842bde5536c59a817c6fd2
📢 [Trạm 1] Đang publish cho ghế 6a842bde5536c59a817c753a của Show 6a842bde5536c59a817c6fd2
📢 [Trạm 1] Đang publish cho ghế 6a842bde5536c59a817c70da của Show 6a842bde5536c59a817c6fd2
📢 [Trạm 1] Đang publish cho ghế 6a842bde5536c59a817c7242 của Show 6a842bde5536c59a817c6fd2
📢 [Trạm 1] Đang publish cho ghế 6a842bde5536c59a817c74ae của Show 6a842bde5536c59a817c6fd2
📢 [Trạm 1] Đang publish cho ghế 6a842bde5536c59a817c7792 của Show 6a842bde5536c59a817c6fd2
📢 [Trạm 1] Đang publish cho ghế 6a842bde5536c59a817c73fa của Show 6a842bde5536c59a817c6fd2
📢 [Trạm 1] Đang publish cho ghế 6a842bde5536c59a817c713e của Show 6a842bde5536c59a817c6fd2
📢 [Trạm 1] Đang publish cho ghế 6a842bde5536c59a817c7706 của Show 6a842bde5536c59a817c6fd2
📢 [Trạm 1] Đang publish cho ghế 6a842bde5536c59a817c72f6 của Show 6a842bde5536c59a817c6fd2
📢 [Trạm 1] Đang publish cho ghế 6a842bde5536c59a817c70b2 của Show 6a842bde5536c59a817c6fd2
📢 [Trạm 1] Đang publish cho ghế 6a842bde5536c59a817c76ca của Show 6a842bde5536c59a817c6fd2
📢 [Trạm 1] Đang publish cho ghế 6a842bde5536c59a817c6fea của Show 6a842bde5536c59a817c6fd2
📢 [Trạm 1] Đang publish cho ghế 6a842bde5536c59a817c75b2 của Show 6a842bde5536c59a817c6fd2
📢 [Trạm 1] Đang publish cho ghế 6a842bde5536c59a817c75c6 của Show 6a842bde5536c59a817c6fd2
📢 [Trạm 1] Đang publish cho ghế 6a842bde5536c59a817c71a2 của Show 6a842bde5536c59a817c6fd2
📢 [Trạm 1] Đang publish cho ghế 6a842bde5536c59a817c75da của Show 6a842bde5536c59a817c6fd2
📢 [Trạm 1] Đang publish cho ghế 6a842bde5536c59a817c71b6 của Show 6a842bde5536c59a817c6fd2
📢 [Trạm 1] Đang publish cho ghế 6a842bde5536c59a817c730a của Show 6a842bde5536c59a817c6fd2
📢 [Trạm 1] Đang publish cho ghế 6a842bde5536c59a817c7116 của Show 6a842bde5536c59a817c6fd2
📢 [Trạm 1] Đang publish cho ghế 6a842bde5536c59a817c762a của Show 6a842bde5536c59a817c6fd2
📢 [Trạm 1] Đang publish cho ghế 6a842bde5536c59a817c73be của Show 6a842bde5536c59a817c6fd2
📢 [Trạm 1] Đang publish cho ghế 6a842bde5536c59a817c772e của Show 6a842bde5536c59a817c6fd2
📢 [Trạm 1] Đang publish cho ghế 6a842bde5536c59a817c72ce của Show 6a842bde5536c59a817c6fd2
📢 [Trạm 1] Đang publish cho ghế 6a842bde5536c59a817c72ba của Show 6a842bde5536c59a817c6fd2
📢 [Trạm 1] Đang publish cho ghế 6a842bde5536c59a817c7062 của Show 6a842bde5536c59a817c6fd2
📢 [Trạm 1] Đang publish cho ghế 6a842bde5536c59a817c76f2 của Show 6a842bde5536c59a817c6fd2
📢 [Trạm 1] Đang publish cho ghế 6a842bde5536c59a817c7346 của Show 6a842bde5536c59a817c6fd2
📢 [Trạm 1] Đang publish cho ghế 6a842bde5536c59a817c7292 của Show 6a842bde5536c59a817c6fd2
📢 [Trạm 1] Đang publish cho ghế 6a842bde5536c59a817c712a của Show 6a842bde5536c59a817c6fd2
📢 [Trạm 1] Đang publish cho ghế 6a842bde5536c59a817c76a2 của Show 6a842bde5536c59a817c6fd2
📢 [Trạm 1] Đang publish cho ghế 6a842bde5536c59a817c722e của Show 6a842bde5536c59a817c6fd2
📢 [Trạm 1] Đang publish cho ghế 6a842bde5536c59a817c759e của Show 6a842bde5536c59a817c6fd2
📢 [Trạm 1] Đang publish cho ghế 6a842bde5536c59a817c771a của Show 6a842bde5536c59a817c6fd2
📢 [Trạm 1] Đang publish cho ghế 6a842bde5536c59a817c726a của Show 6a842bde5536c59a817c6fd2
📢 [Trạm 1] Đang publish cho ghế 6a842bde5536c59a817c708a của Show 6a842bde5536c59a817c6fd2
📢 [Trạm 1] Đang publish cho ghế 6a842bde5536c59a817c7666 của Show 6a842bde5536c59a817c6fd2
📢 [Trạm 1] Đang publish cho ghế 6a842bde5536c59a817c6fd6 của Show 6a842bde5536c59a817c6fd2
📢 [Trạm 1] Đang publish cho ghế 6a842bde5536c59a817c74ea của Show 6a842bde5536c59a817c6fd2
📢 [Trạm 1] Đang publish cho ghế 6a842bde5536c59a817c7256 của Show 6a842bde5536c59a817c6fd2
📢 [Trạm 1] Đang publish cho ghế 6a842bde5536c59a817c7076 của Show 6a842bde5536c59a817c6fd2
📢 [Trạm 1] Đang publish cho ghế 6a842bde5536c59a817c74c2 của Show 6a842bde5536c59a817c6fd2
📢 [Trạm 1] Đang publish cho ghế 6a842bde5536c59a817c7562 của Show 6a842bde5536c59a817c6fd2
📢 [Trạm 1] Đang publish cho ghế 6a842bde5536c59a817c7526 của Show 6a842bde5536c59a817c6fd2
📢 [Trạm 1] Đang publish cho ghế 6a842bde5536c59a817c71f2 của Show 6a842bde5536c59a817c6fd2
📢 [Trạm 1] Đang publish cho ghế 6a842bde5536c59a817c70ee của Show 6a842bde5536c59a817c6fd2
📢 [Trạm 1] Đang publish cho ghế 6a842bde5536c59a817c731e của Show 6a842bde5536c59a817c6fd2
📢 [Trạm 1] Đang publish cho ghế 6a842bde5536c59a817c777e của Show 6a842bde5536c59a817c6fd2
📢 [Trạm 1] Đang publish cho ghế 6a842bde5536c59a817c7166 của Show 6a842bde5536c59a817c6fd2
📢 [Trạm 1] Đang publish cho ghế 6a842bde5536c59a817c735a của Show 6a842bde5536c59a817c6fd2
📢 [Trạm 1] Đang publish cho ghế 6a842bde5536c59a817c768e của Show 6a842bde5536c59a817c6fd2
📢 [Trạm 1] Đang publish cho ghế 6a842bde5536c59a817c7102 của Show 6a842bde5536c59a817c6fd2
📢 [Trạm 1] Đang publish cho ghế 6a842bde5536c59a817c7486 của Show 6a842bde5536c59a817c6fd2
📢 [Trạm 1] Đang publish cho ghế 6a842bde5536c59a817c736e của Show 6a842bde5536c59a817c6fd2
📢 [Trạm 1] Đang publish cho ghế 6a842bde5536c59a817c73e6 của Show 6a842bde5536c59a817c6fd2
📢 [Trạm 1] Đang publish cho ghế 6a842bde5536c59a817c744a của Show 6a842bde5536c59a817c6fd2
📢 [Trạm 1] Đang publish cho ghế 6a842bde5536c59a817c7012 của Show 6a842bde5536c59a817c6fd2
📢 [Trạm 1] Đang publish cho ghế 6a842bde5536c59a817c72a6 của Show 6a842bde5536c59a817c6fd2
📢 [Trạm 1] Đang publish cho ghế 6a842bde5536c59a817c7576 của Show 6a842bde5536c59a817c6fd2
📢 [Trạm 1] Đang publish cho ghế 6a842bde5536c59a817c718e của Show 6a842bde5536c59a817c6fd2
📢 [Trạm 1] Đang publish cho ghế 6a842bde5536c59a817c7436 của Show 6a842bde5536c59a817c6fd2
📢 [Trạm 1] Đang publish cho ghế 6a842bde5536c59a817c745e của Show 6a842bde5536c59a817c6fd2
📢 [Trạm 1] Đang publish cho ghế 6a842bde5536c59a817c7756 của Show 6a842bde5536c59a817c6fd2
📢 [Trạm 1] Đang publish cho ghế 6a842bde5536c59a817c709e của Show 6a842bde5536c59a817c6fd2
📢 [Trạm 1] Đang publish cho ghế 6a842bde5536c59a817c776a của Show 6a842bde5536c59a817c6fd2
📢 [Trạm 1] Đang publish cho ghế 6a842bde5536c59a817c74d6 của Show 6a842bde5536c59a817c6fd2
📢 [Trạm 1] Đang publish cho ghế 6a842bde5536c59a817c72e2 của Show 6a842bde5536c59a817c6fd2
📢 [Trạm 1] Đang publish cho ghế 6a842bde5536c59a817c7652 của Show 6a842bde5536c59a817c6fd2
📢 [Trạm 1] Đang publish cho ghế 6a842bde5536c59a817c7422 của Show 6a842bde5536c59a817c6fd2
📢 [Trạm 1] Đang publish cho ghế 6a842bde5536c59a817c76b6 của Show 6a842bde5536c59a817c6fd2
📢 [Trạm 1] Đang publish cho ghế 6a842bde5536c59a817c749a của Show 6a842bde5536c59a817c6fd2
📢 [Trạm 1] Đang publish cho ghế 6a842bde5536c59a817c74fe của Show 6a842bde5536c59a817c6fd2
📢 [Trạm 1] Đang publish cho ghế 6a842bde5536c59a817c73d2 của Show 6a842bde5536c59a817c6fd2
📢 [Trạm 1] Đang publish cho ghế 6a842bde5536c59a817c71ca của Show 6a842bde5536c59a817c6fd2
📢 [Trạm 1] Đang publish cho ghế 6a842bde5536c59a817c754e của Show 6a842bde5536c59a817c6fd2
📢 [Trạm 1] Đang publish cho ghế 6a842bde5536c59a817c7396 của Show 6a842bde5536c59a817c6fd2
📢 [Trạm 1] Đang publish cho ghế 6a842bde5536c59a817c758a của Show 6a842bde5536c59a817c6fd2
📢 [Trạm 1] Đang publish cho ghế 6a842bde5536c59a817c7602 của Show 6a842bde5536c59a817c6fd2
📢 [Trạm 1] Đang publish cho ghế 6a842bde5536c59a817c7742 của Show 6a842bde5536c59a817c6fd2
📢 [Trạm 1] Đang publish cho ghế 6a842bde5536c59a817c7382 của Show 6a842bde5536c59a817c6fd2
📢 [Trạm 1] Đang publish cho ghế 6a842bde5536c59a817c6ffe của Show 6a842bde5536c59a817c6fd2
📢 [Trạm 1] Đang publish cho ghế 6a842bde5536c59a817c71de của Show 6a842bde5536c59a817c6fd2
📢 [Trạm 1] Đang publish cho ghế 6a842bde5536c59a817c704e của Show 6a842bde5536c59a817c6fd2
📢 [Trạm 1] Đang publish cho ghế 6a842bde5536c59a817c727e của Show 6a842bde5536c59a817c6fd2
Số lượng vé theo từng loại đang giữ trong request này: { '6a842bde5536c59a817c6fd4': 1 }
📢 [Trạm 1] Đang publish cho ghế 6a842bde5536c59a817c717a của Show 6a842bde5536c59a817c6fd2
