
         /\      Grafana   /‾‾/  
    /\  /  \     |\  __   /  /   
   /  \/    \    | |/ /  /   ‾‾\ 
  /          \   |   (  |  (‾)  |
 / __________ \  |_|\_\  \_____/ 


     execution: local
        script: perf/booking-preauthenticated.js
        output: -

     scenarios: (100.00%) 1 scenario, 100 max VUs, 5m30s max duration (incl. graceful stop):
              * booking_preauthenticated: 1 iterations for each of 100 VUs (maxDuration: 5m0s, gracefulStop: 30s)


running (0m00.7s), 100/100 VUs, 0 complete and 0 interrupted iterations
booking_preauthenticated   [   0% ] 100 VUs  0m00.7s/5m0s  000/100 iters, 1 per VU

running (0m01.7s), 100/100 VUs, 0 complete and 0 interrupted iterations
booking_preauthenticated   [   0% ] 100 VUs  0m01.7s/5m0s  000/100 iters, 1 per VU

running (0m02.7s), 100/100 VUs, 0 complete and 0 interrupted iterations
booking_preauthenticated   [   0% ] 100 VUs  0m02.7s/5m0s  000/100 iters, 1 per VU

running (0m03.7s), 100/100 VUs, 0 complete and 0 interrupted iterations
booking_preauthenticated   [   0% ] 100 VUs  0m03.7s/5m0s  000/100 iters, 1 per VU

running (0m04.7s), 100/100 VUs, 0 complete and 0 interrupted iterations
booking_preauthenticated   [   0% ] 100 VUs  0m04.7s/5m0s  000/100 iters, 1 per VU

running (0m05.7s), 100/100 VUs, 0 complete and 0 interrupted iterations
booking_preauthenticated   [   0% ] 100 VUs  0m05.7s/5m0s  000/100 iters, 1 per VU

running (0m06.7s), 100/100 VUs, 0 complete and 0 interrupted iterations
booking_preauthenticated   [   0% ] 100 VUs  0m06.7s/5m0s  000/100 iters, 1 per VU

running (0m07.7s), 100/100 VUs, 0 complete and 0 interrupted iterations
booking_preauthenticated   [   0% ] 100 VUs  0m07.7s/5m0s  000/100 iters, 1 per VU


  █ TOTAL RESULTS 

    CUSTOM
    expected_business_conflicts....: 0.00%  0 out of 100
    hold_latency_ms................: min=771.19ms avg=3.01s med=4.25s p(90)=4.59s p(95)=4.61s p(99)=5.07s max=5.15s
    unexpected_failures............: 0.00%  0 out of 100

    HTTP
    http_req_duration..............: min=208.95ms avg=1.79s med=1.15s p(90)=4.59s p(95)=5.01s p(99)=5.39s max=5.5s 
      { expected_response:true }...: min=208.95ms avg=1.79s med=1.15s p(90)=4.59s p(95)=5.01s p(99)=5.39s max=5.5s 
    http_req_failed................: 0.00%  0 out of 500
    http_reqs......................: 500    60.064287/s

    EXECUTION
    iteration_duration.............: min=7.82s    avg=8.25s med=8.28s p(90)=8.3s  p(95)=8.31s p(99)=8.31s max=8.32s
    iterations.....................: 100    12.012857/s
    vus............................: 100    min=100      max=100
    vus_max........................: 100    min=100      max=100

    NETWORK
    data_received..................: 60 MB  7.2 MB/s
    data_sent......................: 299 kB 36 kB/s




running (0m08.3s), 000/100 VUs, 100 complete and 0 interrupted iterations
booking_preauthenticated ✓ [ 100% ] 100 VUs  0m08.3s/5m0s  100/100 iters, 1 per VU
