
         /\      Grafana   /‾‾/  
    /\  /  \     |\  __   /  /   
   /  \/    \    | |/ /  /   ‾‾\ 
  /          \   |   (  |  (‾)  |
 / __________ \  |_|\_\  \_____/ 


     execution: local
        script: perf/booking-preauthenticated.js
        output: -

     scenarios: (100.00%) 1 scenario, 100 max VUs, 5m30s max duration (incl. graceful stop):
              * booking_preauthenticated: 1 iterations for each of 100 VUs (maxDuration: 5m0s, gracefulStop: 30s)


running (0m00.7s), 100/100 VUs, 0 complete and 0 interrupted iterations
booking_preauthenticated   [   0% ] 100 VUs  0m00.7s/5m0s  000/100 iters, 1 per VU

running (0m01.7s), 100/100 VUs, 0 complete and 0 interrupted iterations
booking_preauthenticated   [   0% ] 100 VUs  0m01.7s/5m0s  000/100 iters, 1 per VU

running (0m02.7s), 100/100 VUs, 0 complete and 0 interrupted iterations
booking_preauthenticated   [   0% ] 100 VUs  0m02.7s/5m0s  000/100 iters, 1 per VU

running (0m03.7s), 100/100 VUs, 0 complete and 0 interrupted iterations
booking_preauthenticated   [   0% ] 100 VUs  0m03.7s/5m0s  000/100 iters, 1 per VU

running (0m04.7s), 083/100 VUs, 17 complete and 0 interrupted iterations
booking_preauthenticated   [  17% ] 100 VUs  0m04.7s/5m0s  017/100 iters, 1 per VU

running (0m05.7s), 083/100 VUs, 17 complete and 0 interrupted iterations
booking_preauthenticated   [  17% ] 100 VUs  0m05.7s/5m0s  017/100 iters, 1 per VU

running (0m06.7s), 083/100 VUs, 17 complete and 0 interrupted iterations
booking_preauthenticated   [  17% ] 100 VUs  0m06.7s/5m0s  017/100 iters, 1 per VU

running (0m07.7s), 083/100 VUs, 17 complete and 0 interrupted iterations
booking_preauthenticated   [  17% ] 100 VUs  0m07.7s/5m0s  017/100 iters, 1 per VU

running (0m08.7s), 082/100 VUs, 18 complete and 0 interrupted iterations
booking_preauthenticated   [  18% ] 100 VUs  0m08.7s/5m0s  018/100 iters, 1 per VU

running (0m09.7s), 082/100 VUs, 18 complete and 0 interrupted iterations
booking_preauthenticated   [  18% ] 100 VUs  0m09.7s/5m0s  018/100 iters, 1 per VU


  █ TOTAL RESULTS 

    CUSTOM
    expected_business_conflicts....: 0.00%  0 out of 100
    hold_latency_ms................: min=187.14ms avg=1.8s  med=1.32s    p(90)=5.16s  p(95)=5.54s  p(99)=5.68s  max=5.74s 
    unexpected_failures............: 0.00%  0 out of 100

    HTTP
    http_req_duration..............: min=187.14ms avg=1.96s med=822.63ms p(90)=7.13s  p(95)=7.55s  p(99)=7.91s  max=8.1s  
      { expected_response:true }...: min=187.14ms avg=1.96s med=822.63ms p(90)=7.13s  p(95)=7.55s  p(99)=7.91s  max=8.1s  
    http_req_failed................: 0.00%  0 out of 500
    http_reqs......................: 500    47.443595/s

    EXECUTION
    iteration_duration.............: min=3.88s    avg=9.35s med=10.47s   p(90)=10.52s p(95)=10.52s p(99)=10.53s max=10.53s
    iterations.....................: 100    9.488719/s
    vus............................: 82     min=82       max=100
    vus_max........................: 100    min=100      max=100

    NETWORK
    data_received..................: 60 MB  5.7 MB/s
    data_sent......................: 299 kB 28 kB/s




running (0m10.5s), 000/100 VUs, 100 complete and 0 interrupted iterations
booking_preauthenticated ✓ [ 100% ] 100 VUs  0m10.5s/5m0s  100/100 iters, 1 per VU
