
         /\      Grafana   /‾‾/  
    /\  /  \     |\  __   /  /   
   /  \/    \    | |/ /  /   ‾‾\ 
  /          \   |   (  |  (‾)  |
 / __________ \  |_|\_\  \_____/ 


     execution: local
        script: perf/booking-preauthenticated.js
        output: -

     scenarios: (100.00%) 1 scenario, 25 max VUs, 5m30s max duration (incl. graceful stop):
              * booking_preauthenticated: 1 iterations for each of 25 VUs (maxDuration: 5m0s, gracefulStop: 30s)


running (0m00.9s), 25/25 VUs, 0 complete and 0 interrupted iterations
booking_preauthenticated   [   0% ] 25 VUs  0m00.9s/5m0s  00/25 iters, 1 per VU

running (0m01.9s), 25/25 VUs, 0 complete and 0 interrupted iterations
booking_preauthenticated   [   0% ] 25 VUs  0m01.9s/5m0s  00/25 iters, 1 per VU


  █ TOTAL RESULTS 

    CUSTOM
    expected_business_conflicts....: 0.00% 0 out of 25
    hold_latency_ms................: min=687.54ms avg=956.97ms med=970.64ms p(90)=1s       p(95)=1.28s    p(99)=1.46s max=1.5s 
    unexpected_failures............: 0.00% 0 out of 25

    HTTP
    http_req_duration..............: min=16.83ms  avg=577.24ms med=521.32ms p(90)=978.53ms p(95)=992.19ms p(99)=1.26s max=1.5s 
      { expected_response:true }...: min=16.83ms  avg=577.24ms med=521.32ms p(90)=978.53ms p(95)=992.19ms p(99)=1.26s max=1.5s 
    http_req_failed................: 0.00% 0 out of 125
    http_reqs......................: 125   51.678704/s

    EXECUTION
    iteration_duration.............: min=2.2s     avg=2.36s    med=2.37s    p(90)=2.4s     p(95)=2.41s    p(99)=2.41s max=2.41s
    iterations.....................: 25    10.335741/s
    vus............................: 25    min=25       max=25
    vus_max........................: 25    min=25       max=25

    NETWORK
    data_received..................: 15 MB 6.2 MB/s
    data_sent......................: 75 kB 31 kB/s




running (0m02.4s), 00/25 VUs, 25 complete and 0 interrupted iterations
booking_preauthenticated ✓ [ 100% ] 25 VUs  0m02.4s/5m0s  25/25 iters, 1 per VU
