◇ injected env (0) from .env // tip: ⌘ override existing { override: true }
Redis Subscriber dang hoat dong...
MongoDB connected
Redis Labs đã sẵn sàng!
Redis Test: OK
Server running on http://localhost:3003
Số lượng vé theo từng loại đang giữ trong request này: { '6a842b1905acdab5cd80fa43': 1 }
Số lượng vé theo từng loại đang giữ trong request này: { '6a842b1905acdab5cd80fa43': 1 }
📢 [Trạm 1] Đang publish cho ghế 6a842b1905acdab5cd80fb21 của Show 6a842b1905acdab5cd80fa41
Số lượng vé theo từng loại đang giữ trong request này: { '6a842b1905acdab5cd80fa43': 1 }
📢 [Trạm 1] Đang publish cho ghế 6a842b1905acdab5cd80fd8d của Show 6a842b1905acdab5cd80fa41
Số lượng vé theo từng loại đang giữ trong request này: { '6a842b1905acdab5cd80fa43': 1 }
Số lượng vé theo từng loại đang giữ trong request này: { '6a842b1905acdab5cd80fa43': 1 }
Số lượng vé theo từng loại đang giữ trong request này: { '6a842b1905acdab5cd80fa43': 1 }
📢 [Trạm 1] Đang publish cho ghế 6a842b1905acdab5cd80fd51 của Show 6a842b1905acdab5cd80fa41
Số lượng vé theo từng loại đang giữ trong request này: { '6a842b1905acdab5cd80fa43': 1 }
Số lượng vé theo từng loại đang giữ trong request này: { '6a842b1905acdab5cd80fa43': 1 }
Số lượng vé theo từng loại đang giữ trong request này: { '6a842b1905acdab5cd80fa43': 1 }
Số lượng vé theo từng loại đang giữ trong request này: { '6a842b1905acdab5cd80fa43': 1 }
Số lượng vé theo từng loại đang giữ trong request này: { '6a842b1905acdab5cd80fa43': 1 }
Số lượng vé theo từng loại đang giữ trong request này: { '6a842b1905acdab5cd80fa43': 1 }
Số lượng vé theo từng loại đang giữ trong request này: { '6a842b1905acdab5cd80fa43': 1 }
Số lượng vé theo từng loại đang giữ trong request này: { '6a842b1905acdab5cd80fa43': 1 }
Số lượng vé theo từng loại đang giữ trong request này: { '6a842b1905acdab5cd80fa43': 1 }
Số lượng vé theo từng loại đang giữ trong request này: { '6a842b1905acdab5cd80fa43': 1 }
Số lượng vé theo từng loại đang giữ trong request này: { '6a842b1905acdab5cd80fa43': 1 }
Số lượng vé theo từng loại đang giữ trong request này: { '6a842b1905acdab5cd80fa43': 1 }
Số lượng vé theo từng loại đang giữ trong request này: { '6a842b1905acdab5cd80fa43': 1 }
Số lượng vé theo từng loại đang giữ trong request này: { '6a842b1905acdab5cd80fa43': 1 }
Số lượng vé theo từng loại đang giữ trong request này: { '6a842b1905acdab5cd80fa43': 1 }
Số lượng vé theo từng loại đang giữ trong request này: { '6a842b1905acdab5cd80fa43': 1 }
Số lượng vé theo từng loại đang giữ trong request này: { '6a842b1905acdab5cd80fa43': 1 }
Số lượng vé theo từng loại đang giữ trong request này: { '6a842b1905acdab5cd80fa43': 1 }
📢 [Trạm 1] Đang publish cho ghế 6a842b1905acdab5cd80fd15 của Show 6a842b1905acdab5cd80fa41
📢 [Trạm 1] Đang publish cho ghế 6a842b1905acdab5cd80fbad của Show 6a842b1905acdab5cd80fa41
📢 [Trạm 1] Đang publish cho ghế 6a842b1905acdab5cd80fc89 của Show 6a842b1905acdab5cd80fa41
📢 [Trạm 1] Đang publish cho ghế 6a842b1905acdab5cd80fa45 của Show 6a842b1905acdab5cd80fa41
📢 [Trạm 1] Đang publish cho ghế 6a842b1905acdab5cd80fc25 của Show 6a842b1905acdab5cd80fa41
📢 [Trạm 1] Đang publish cho ghế 6a842b1905acdab5cd80fd01 của Show 6a842b1905acdab5cd80fa41
📢 [Trạm 1] Đang publish cho ghế 6a842b1905acdab5cd80fcb1 của Show 6a842b1905acdab5cd80fa41
📢 [Trạm 1] Đang publish cho ghế 6a842b1905acdab5cd80fa81 của Show 6a842b1905acdab5cd80fa41
📢 [Trạm 1] Đang publish cho ghế 6a842b1905acdab5cd80fd79 của Show 6a842b1905acdab5cd80fa41
📢 [Trạm 1] Đang publish cho ghế 6a842b1905acdab5cd80fd65 của Show 6a842b1905acdab5cd80fa41
📢 [Trạm 1] Đang publish cho ghế 6a842b1905acdab5cd80fa59 của Show 6a842b1905acdab5cd80fa41
📢 [Trạm 1] Đang publish cho ghế 6a842b1905acdab5cd80faa9 của Show 6a842b1905acdab5cd80fa41
📢 [Trạm 1] Đang publish cho ghế 6a842b1905acdab5cd80fb99 của Show 6a842b1905acdab5cd80fa41
📢 [Trạm 1] Đang publish cho ghế 6a842b1905acdab5cd80fad1 của Show 6a842b1905acdab5cd80fa41
📢 [Trạm 1] Đang publish cho ghế 6a842b1905acdab5cd80fc4d của Show 6a842b1905acdab5cd80fa41
📢 [Trạm 1] Đang publish cho ghế 6a842b1905acdab5cd80fae5 của Show 6a842b1905acdab5cd80fa41
📢 [Trạm 1] Đang publish cho ghế 6a842b1905acdab5cd80fbfd của Show 6a842b1905acdab5cd80fa41
Số lượng vé theo từng loại đang giữ trong request này: { '6a842b1905acdab5cd80fa43': 1 }
Số lượng vé theo từng loại đang giữ trong request này: { '6a842b1905acdab5cd80fa43': 1 }
Số lượng vé theo từng loại đang giữ trong request này: { '6a842b1905acdab5cd80fa43': 1 }
📢 [Trạm 1] Đang publish cho ghế 6a842b1905acdab5cd80fa95 của Show 6a842b1905acdab5cd80fa41
📢 [Trạm 1] Đang publish cho ghế 6a842b1905acdab5cd80fc11 của Show 6a842b1905acdab5cd80fa41
📢 [Trạm 1] Đang publish cho ghế 6a842b1905acdab5cd80fb5d của Show 6a842b1905acdab5cd80fa41
📢 [Trạm 1] Đang publish cho ghế 6a842b1905acdab5cd80fc9d của Show 6a842b1905acdab5cd80fa41
Số lượng vé theo từng loại đang giữ trong request này: { '6a842b1905acdab5cd80fa43': 1 }
Số lượng vé theo từng loại đang giữ trong request này: { '6a842b1905acdab5cd80fa43': 1 }
Số lượng vé theo từng loại đang giữ trong request này: { '6a842b1905acdab5cd80fa43': 1 }
Số lượng vé theo từng loại đang giữ trong request này: { '6a842b1905acdab5cd80fa43': 1 }
Số lượng vé theo từng loại đang giữ trong request này: { '6a842b1905acdab5cd80fa43': 1 }
Số lượng vé theo từng loại đang giữ trong request này: { '6a842b1905acdab5cd80fa43': 1 }
Số lượng vé theo từng loại đang giữ trong request này: { '6a842b1905acdab5cd80fa43': 1 }
Số lượng vé theo từng loại đang giữ trong request này: { '6a842b1905acdab5cd80fa43': 1 }
Số lượng vé theo từng loại đang giữ trong request này: { '6a842b1905acdab5cd80fa43': 1 }
Số lượng vé theo từng loại đang giữ trong request này: { '6a842b1905acdab5cd80fa43': 1 }
Số lượng vé theo từng loại đang giữ trong request này: { '6a842b1905acdab5cd80fa43': 1 }
Số lượng vé theo từng loại đang giữ trong request này: { '6a842b1905acdab5cd80fa43': 1 }
Số lượng vé theo từng loại đang giữ trong request này: { '6a842b1905acdab5cd80fa43': 1 }
Số lượng vé theo từng loại đang giữ trong request này: { '6a842b1905acdab5cd80fa43': 1 }
Số lượng vé theo từng loại đang giữ trong request này: { '6a842b1905acdab5cd80fa43': 1 }
Số lượng vé theo từng loại đang giữ trong request này: { '6a842b1905acdab5cd80fa43': 1 }
Số lượng vé theo từng loại đang giữ trong request này: { '6a842b1905acdab5cd80fa43': 1 }
Số lượng vé theo từng loại đang giữ trong request này: { '6a842b1905acdab5cd80fa43': 1 }
Số lượng vé theo từng loại đang giữ trong request này: { '6a842b1905acdab5cd80fa43': 1 }
Số lượng vé theo từng loại đang giữ trong request này: { '6a842b1905acdab5cd80fa43': 1 }
📢 [Trạm 1] Đang publish cho ghế 6a842b1905acdab5cd80fda1 của Show 6a842b1905acdab5cd80fa41
Số lượng vé theo từng loại đang giữ trong request này: { '6a842b1905acdab5cd80fa43': 1 }
Số lượng vé theo từng loại đang giữ trong request này: { '6a842b1905acdab5cd80fa43': 1 }
📢 [Trạm 1] Đang publish cho ghế 6a842b1905acdab5cd80fb0d của Show 6a842b1905acdab5cd80fa41
📢 [Trạm 1] Đang publish cho ghế 6a842b1905acdab5cd80fbc1 của Show 6a842b1905acdab5cd80fa41
📢 [Trạm 1] Đang publish cho ghế 6a842b1905acdab5cd80fced của Show 6a842b1905acdab5cd80fa41
📢 [Trạm 1] Đang publish cho ghế 6a842b1905acdab5cd80fb49 của Show 6a842b1905acdab5cd80fa41
📢 [Trạm 1] Đang publish cho ghế 6a842b1905acdab5cd80fd29 của Show 6a842b1905acdab5cd80fa41
📢 [Trạm 1] Đang publish cho ghế 6a842b1905acdab5cd80fa6d của Show 6a842b1905acdab5cd80fa41
📢 [Trạm 1] Đang publish cho ghế 6a842b1905acdab5cd80fdc9 của Show 6a842b1905acdab5cd80fa41
📢 [Trạm 1] Đang publish cho ghế 6a842b1905acdab5cd80fe19 của Show 6a842b1905acdab5cd80fa41
📢 [Trạm 1] Đang publish cho ghế 6a842b1905acdab5cd80faf9 của Show 6a842b1905acdab5cd80fa41
Số lượng vé theo từng loại đang giữ trong request này: { '6a842b1905acdab5cd80fa43': 1 }
📢 [Trạm 1] Đang publish cho ghế 6a842b1905acdab5cd80fb35 của Show 6a842b1905acdab5cd80fa41
📢 [Trạm 1] Đang publish cho ghế 6a842b1905acdab5cd80fddd của Show 6a842b1905acdab5cd80fa41
📢 [Trạm 1] Đang publish cho ghế 6a842b1905acdab5cd80fdf1 của Show 6a842b1905acdab5cd80fa41
📢 [Trạm 1] Đang publish cho ghế 6a842b1905acdab5cd80fbd5 của Show 6a842b1905acdab5cd80fa41
📢 [Trạm 1] Đang publish cho ghế 6a842b1905acdab5cd80fc75 của Show 6a842b1905acdab5cd80fa41
📢 [Trạm 1] Đang publish cho ghế 6a842b1905acdab5cd80fc61 của Show 6a842b1905acdab5cd80fa41
📢 [Trạm 1] Đang publish cho ghế 6a842b1905acdab5cd80fbe9 của Show 6a842b1905acdab5cd80fa41
📢 [Trạm 1] Đang publish cho ghế 6a842b1905acdab5cd80fb85 của Show 6a842b1905acdab5cd80fa41
📢 [Trạm 1] Đang publish cho ghế 6a842b1905acdab5cd80fcd9 của Show 6a842b1905acdab5cd80fa41
📢 [Trạm 1] Đang publish cho ghế 6a842b1905acdab5cd80fd3d của Show 6a842b1905acdab5cd80fa41
📢 [Trạm 1] Đang publish cho ghế 6a842b1905acdab5cd80fcc5 của Show 6a842b1905acdab5cd80fa41
📢 [Trạm 1] Đang publish cho ghế 6a842b1905acdab5cd80fdb5 của Show 6a842b1905acdab5cd80fa41
📢 [Trạm 1] Đang publish cho ghế 6a842b1905acdab5cd80fe05 của Show 6a842b1905acdab5cd80fa41
📢 [Trạm 1] Đang publish cho ghế 6a842b1905acdab5cd80fabd của Show 6a842b1905acdab5cd80fa41
📢 [Trạm 1] Đang publish cho ghế 6a842b1905acdab5cd80fb71 của Show 6a842b1905acdab5cd80fa41
📢 [Trạm 1] Đang publish cho ghế 6a842b1905acdab5cd80fc39 của Show 6a842b1905acdab5cd80fa41
