
         /\      Grafana   /‾‾/  
    /\  /  \     |\  __   /  /   
   /  \/    \    | |/ /  /   ‾‾\ 
  /          \   |   (  |  (‾)  |
 / __________ \  |_|\_\  \_____/ 


     execution: local
        script: perf/booking-preauthenticated.js
        output: -

     scenarios: (100.00%) 1 scenario, 100 max VUs, 5m30s max duration (incl. graceful stop):
              * booking_preauthenticated: 1 iterations for each of 100 VUs (maxDuration: 5m0s, gracefulStop: 30s)


running (0m00.8s), 100/100 VUs, 0 complete and 0 interrupted iterations
booking_preauthenticated   [   0% ] 100 VUs  0m00.8s/5m0s  000/100 iters, 1 per VU

running (0m01.8s), 100/100 VUs, 0 complete and 0 interrupted iterations
booking_preauthenticated   [   0% ] 100 VUs  0m01.8s/5m0s  000/100 iters, 1 per VU

running (0m02.8s), 100/100 VUs, 0 complete and 0 interrupted iterations
booking_preauthenticated   [   0% ] 100 VUs  0m02.8s/5m0s  000/100 iters, 1 per VU

running (0m03.8s), 100/100 VUs, 0 complete and 0 interrupted iterations
booking_preauthenticated   [   0% ] 100 VUs  0m03.8s/5m0s  000/100 iters, 1 per VU

running (0m04.8s), 100/100 VUs, 0 complete and 0 interrupted iterations
booking_preauthenticated   [   0% ] 100 VUs  0m04.8s/5m0s  000/100 iters, 1 per VU

running (0m05.8s), 100/100 VUs, 0 complete and 0 interrupted iterations
booking_preauthenticated   [   0% ] 100 VUs  0m05.8s/5m0s  000/100 iters, 1 per VU

running (0m06.8s), 100/100 VUs, 0 complete and 0 interrupted iterations
booking_preauthenticated   [   0% ] 100 VUs  0m06.8s/5m0s  000/100 iters, 1 per VU

running (0m07.8s), 100/100 VUs, 0 complete and 0 interrupted iterations
booking_preauthenticated   [   0% ] 100 VUs  0m07.8s/5m0s  000/100 iters, 1 per VU

running (0m08.8s), 100/100 VUs, 0 complete and 0 interrupted iterations
booking_preauthenticated   [   0% ] 100 VUs  0m08.8s/5m0s  000/100 iters, 1 per VU

running (0m09.8s), 100/100 VUs, 0 complete and 0 interrupted iterations
booking_preauthenticated   [   0% ] 100 VUs  0m09.8s/5m0s  000/100 iters, 1 per VU

running (0m10.8s), 100/100 VUs, 0 complete and 0 interrupted iterations
booking_preauthenticated   [   0% ] 100 VUs  0m10.8s/5m0s  000/100 iters, 1 per VU

running (0m11.8s), 100/100 VUs, 0 complete and 0 interrupted iterations
booking_preauthenticated   [   0% ] 100 VUs  0m11.8s/5m0s  000/100 iters, 1 per VU

running (0m12.8s), 100/100 VUs, 0 complete and 0 interrupted iterations
booking_preauthenticated   [   0% ] 100 VUs  0m12.8s/5m0s  000/100 iters, 1 per VU

running (0m13.8s), 100/100 VUs, 0 complete and 0 interrupted iterations
booking_preauthenticated   [   0% ] 100 VUs  0m13.8s/5m0s  000/100 iters, 1 per VU

running (0m14.8s), 100/100 VUs, 0 complete and 0 interrupted iterations
booking_preauthenticated   [   0% ] 100 VUs  0m14.8s/5m0s  000/100 iters, 1 per VU

running (0m15.8s), 100/100 VUs, 0 complete and 0 interrupted iterations
booking_preauthenticated   [   0% ] 100 VUs  0m15.8s/5m0s  000/100 iters, 1 per VU


  █ TOTAL RESULTS 

    CUSTOM
    expected_business_conflicts....: 0.00%  0 out of 100
    hold_latency_ms................: min=1.47s    avg=3.35s  med=3.25s  p(90)=4.96s  p(95)=5.74s  p(99)=7.47s  max=10.45s
    unexpected_failures............: 0.00%  0 out of 100

    HTTP
    http_req_duration..............: min=296.12ms avg=3.78s  med=2.17s  p(90)=9.05s  p(95)=9.99s  p(99)=10.45s max=10.58s
      { expected_response:true }...: min=296.12ms avg=3.78s  med=2.17s  p(90)=9.05s  p(95)=9.99s  p(99)=10.45s max=10.58s
    http_req_failed................: 0.00%  0 out of 500
    http_reqs......................: 500    31.29947/s

    EXECUTION
    iteration_duration.............: min=15.83s   avg=15.88s med=15.87s p(90)=15.94s p(95)=15.95s p(99)=15.96s max=15.96s
    iterations.....................: 100    6.259894/s
    vus............................: 100    min=100      max=100
    vus_max........................: 100    min=100      max=100

    NETWORK
    data_received..................: 60 MB  3.7 MB/s
    data_sent......................: 299 kB 19 kB/s




running (0m16.0s), 000/100 VUs, 100 complete and 0 interrupted iterations
booking_preauthenticated ✓ [ 100% ] 100 VUs  0m16.0s/5m0s  100/100 iters, 1 per VU
