◇ injected env (0) from .env // tip: ⌘ custom filepath { path: '/custom/path/.env' }
Redis Subscriber dang hoat dong...
MongoDB connected
Redis Labs đã sẵn sàng!
Redis Test: OK
Server running on http://localhost:3003
Số lượng vé theo từng loại đang giữ trong request này: { '6a8425fddf3dba05781d8dcf': 1 }
📢 [Trạm 1] Đang publish cho ghế 6a8425fddf3dba05781d8f39 của Show 6a8425fddf3dba05781d8dcd
Số lượng vé theo từng loại đang giữ trong request này: { '6a8425fddf3dba05781d8dcf': 1 }
Số lượng vé theo từng loại đang giữ trong request này: { '6a8425fddf3dba05781d8dcf': 1 }
Số lượng vé theo từng loại đang giữ trong request này: { '6a8425fddf3dba05781d8dcf': 1 }
Số lượng vé theo từng loại đang giữ trong request này: { '6a8425fddf3dba05781d8dcf': 1 }
Số lượng vé theo từng loại đang giữ trong request này: { '6a8425fddf3dba05781d8dcf': 1 }
Số lượng vé theo từng loại đang giữ trong request này: { '6a8425fddf3dba05781d8dcf': 1 }
Số lượng vé theo từng loại đang giữ trong request này: { '6a8425fddf3dba05781d8dcf': 1 }
📢 [Trạm 1] Đang publish cho ghế 6a8425fddf3dba05781d8f11 của Show 6a8425fddf3dba05781d8dcd
📢 [Trạm 1] Đang publish cho ghế 6a8425fddf3dba05781d8f89 của Show 6a8425fddf3dba05781d8dcd
Số lượng vé theo từng loại đang giữ trong request này: { '6a8425fddf3dba05781d8dcf': 1 }
📢 [Trạm 1] Đang publish cho ghế 6a8425fddf3dba05781d8e5d của Show 6a8425fddf3dba05781d8dcd
📢 [Trạm 1] Đang publish cho ghế 6a8425fddf3dba05781d8dd1 của Show 6a8425fddf3dba05781d8dcd
📢 [Trạm 1] Đang publish cho ghế 6a8425fddf3dba05781d8e71 của Show 6a8425fddf3dba05781d8dcd
📢 [Trạm 1] Đang publish cho ghế 6a8425fddf3dba05781d8f25 của Show 6a8425fddf3dba05781d8dcd
📢 [Trạm 1] Đang publish cho ghế 6a8425fddf3dba05781d8ead của Show 6a8425fddf3dba05781d8dcd
Số lượng vé theo từng loại đang giữ trong request này: { '6a8425fddf3dba05781d8dcf': 1 }
📢 [Trạm 1] Đang publish cho ghế 6a8425fddf3dba05781d8f75 của Show 6a8425fddf3dba05781d8dcd
Số lượng vé theo từng loại đang giữ trong request này: { '6a8425fddf3dba05781d8dcf': 1 }
Số lượng vé theo từng loại đang giữ trong request này: { '6a8425fddf3dba05781d8dcf': 1 }
Số lượng vé theo từng loại đang giữ trong request này: { '6a8425fddf3dba05781d8dcf': 1 }
Số lượng vé theo từng loại đang giữ trong request này: { '6a8425fddf3dba05781d8dcf': 1 }
Số lượng vé theo từng loại đang giữ trong request này: { '6a8425fddf3dba05781d8dcf': 1 }
Số lượng vé theo từng loại đang giữ trong request này: { '6a8425fddf3dba05781d8dcf': 1 }
Số lượng vé theo từng loại đang giữ trong request này: { '6a8425fddf3dba05781d8dcf': 1 }
Số lượng vé theo từng loại đang giữ trong request này: { '6a8425fddf3dba05781d8dcf': 1 }
Số lượng vé theo từng loại đang giữ trong request này: { '6a8425fddf3dba05781d8dcf': 1 }
📢 [Trạm 1] Đang publish cho ghế 6a8425fddf3dba05781d8e49 của Show 6a8425fddf3dba05781d8dcd
Số lượng vé theo từng loại đang giữ trong request này: { '6a8425fddf3dba05781d8dcf': 1 }
Số lượng vé theo từng loại đang giữ trong request này: { '6a8425fddf3dba05781d8dcf': 1 }
📢 [Trạm 1] Đang publish cho ghế 6a8425fddf3dba05781d8e85 của Show 6a8425fddf3dba05781d8dcd
📢 [Trạm 1] Đang publish cho ghế 6a8425fddf3dba05781d8f61 của Show 6a8425fddf3dba05781d8dcd
📢 [Trạm 1] Đang publish cho ghế 6a8425fddf3dba05781d8e35 của Show 6a8425fddf3dba05781d8dcd
📢 [Trạm 1] Đang publish cho ghế 6a8425fddf3dba05781d8efd của Show 6a8425fddf3dba05781d8dcd
📢 [Trạm 1] Đang publish cho ghế 6a8425fddf3dba05781d8fb1 của Show 6a8425fddf3dba05781d8dcd
📢 [Trạm 1] Đang publish cho ghế 6a8425fddf3dba05781d8e21 của Show 6a8425fddf3dba05781d8dcd
📢 [Trạm 1] Đang publish cho ghế 6a8425fddf3dba05781d8ed5 của Show 6a8425fddf3dba05781d8dcd
📢 [Trạm 1] Đang publish cho ghế 6a8425fddf3dba05781d8df9 của Show 6a8425fddf3dba05781d8dcd
📢 [Trạm 1] Đang publish cho ghế 6a8425fddf3dba05781d8f4d của Show 6a8425fddf3dba05781d8dcd
Số lượng vé theo từng loại đang giữ trong request này: { '6a8425fddf3dba05781d8dcf': 1 }
Số lượng vé theo từng loại đang giữ trong request này: { '6a8425fddf3dba05781d8dcf': 1 }
📢 [Trạm 1] Đang publish cho ghế 6a8425fddf3dba05781d8e0d của Show 6a8425fddf3dba05781d8dcd
📢 [Trạm 1] Đang publish cho ghế 6a8425fddf3dba05781d8de5 của Show 6a8425fddf3dba05781d8dcd
Số lượng vé theo từng loại đang giữ trong request này: { '6a8425fddf3dba05781d8dcf': 1 }
📢 [Trạm 1] Đang publish cho ghế 6a8425fddf3dba05781d8e99 của Show 6a8425fddf3dba05781d8dcd
📢 [Trạm 1] Đang publish cho ghế 6a8425fddf3dba05781d8ec1 của Show 6a8425fddf3dba05781d8dcd
Số lượng vé theo từng loại đang giữ trong request này: { '6a8425fddf3dba05781d8dcf': 1 }
📢 [Trạm 1] Đang publish cho ghế 6a8425fddf3dba05781d8ee9 của Show 6a8425fddf3dba05781d8dcd
📢 [Trạm 1] Đang publish cho ghế 6a8425fddf3dba05781d8f9d của Show 6a8425fddf3dba05781d8dcd
