
         /\      Grafana   /‾‾/  
    /\  /  \     |\  __   /  /   
   /  \/    \    | |/ /  /   ‾‾\ 
  /          \   |   (  |  (‾)  |
 / __________ \  |_|\_\  \_____/ 


     execution: local
        script: perf/booking-preauthenticated.js
        output: -

     scenarios: (100.00%) 1 scenario, 25 max VUs, 5m30s max duration (incl. graceful stop):
              * booking_preauthenticated: 1 iterations for each of 25 VUs (maxDuration: 5m0s, gracefulStop: 30s)


running (0m00.9s), 25/25 VUs, 0 complete and 0 interrupted iterations
booking_preauthenticated   [   0% ] 25 VUs  0m00.9s/5m0s  00/25 iters, 1 per VU

running (0m01.9s), 25/25 VUs, 0 complete and 0 interrupted iterations
booking_preauthenticated   [   0% ] 25 VUs  0m01.9s/5m0s  00/25 iters, 1 per VU

running (0m02.9s), 16/25 VUs, 9 complete and 0 interrupted iterations
booking_preauthenticated   [  36% ] 25 VUs  0m02.9s/5m0s  09/25 iters, 1 per VU


  █ TOTAL RESULTS 

    CUSTOM
    expected_business_conflicts....: 0.00% 0 out of 25
    hold_latency_ms................: min=265.57ms avg=1.04s    med=1.25s    p(90)=1.7s  p(95)=1.7s  p(99)=1.73s max=1.73s
    unexpected_failures............: 0.00% 0 out of 25

    HTTP
    http_req_duration..............: min=46.8ms   avg=653.54ms med=444.28ms p(90)=1.7s  p(95)=1.84s p(99)=2.02s max=2.05s
      { expected_response:true }...: min=46.8ms   avg=653.54ms med=444.28ms p(90)=1.7s  p(95)=1.84s p(99)=2.02s max=2.05s
    http_req_failed................: 0.00% 0 out of 125
    http_reqs......................: 125   42.044959/s

    EXECUTION
    iteration_duration.............: min=2.81s    avg=2.92s    med=2.95s    p(90)=2.96s p(95)=2.96s p(99)=2.96s max=2.96s
    iterations.....................: 25    8.408992/s
    vus............................: 16    min=16       max=25
    vus_max........................: 25    min=25       max=25

    NETWORK
    data_received..................: 15 MB 5.0 MB/s
    data_sent......................: 75 kB 25 kB/s




running (0m03.0s), 00/25 VUs, 25 complete and 0 interrupted iterations
booking_preauthenticated ✓ [ 100% ] 25 VUs  0m03.0s/5m0s  25/25 iters, 1 per VU
