◇ injected env (0) from .env // tip: ⌘ custom filepath { path: '/custom/path/.env' }
Redis Subscriber dang hoat dong...
MongoDB connected
Redis Labs đã sẵn sàng!
Redis Test: OK
Server running on http://localhost:3000
Số lượng vé theo từng loại đang giữ trong request này: { '6a859b85c87a8fc4501293ca': 1 }
Số lượng vé theo từng loại đang giữ trong request này: { '6a859b85c87a8fc4501293ca': 1 }
Số lượng vé theo từng loại đang giữ trong request này: { '6a859b85c87a8fc4501293ca': 1 }
Số lượng vé theo từng loại đang giữ trong request này: { '6a859b85c87a8fc4501293ca': 1 }
Số lượng vé theo từng loại đang giữ trong request này: { '6a859b85c87a8fc4501293ca': 1 }
Số lượng vé theo từng loại đang giữ trong request này: { '6a859b85c87a8fc4501293ca': 1 }
Số lượng vé theo từng loại đang giữ trong request này: { '6a859b85c87a8fc4501293ca': 1 }
Số lượng vé theo từng loại đang giữ trong request này: { '6a859b85c87a8fc4501293ca': 1 }
Số lượng vé theo từng loại đang giữ trong request này: { '6a859b85c87a8fc4501293ca': 1 }
Số lượng vé theo từng loại đang giữ trong request này: { '6a859b85c87a8fc4501293ca': 1 }
Số lượng vé theo từng loại đang giữ trong request này: { '6a859b85c87a8fc4501293ca': 1 }
Số lượng vé theo từng loại đang giữ trong request này: { '6a859b85c87a8fc4501293ca': 1 }
Số lượng vé theo từng loại đang giữ trong request này: { '6a859b85c87a8fc4501293ca': 1 }
Số lượng vé theo từng loại đang giữ trong request này: { '6a859b85c87a8fc4501293ca': 1 }
Số lượng vé theo từng loại đang giữ trong request này: { '6a859b85c87a8fc4501293ca': 1 }
Số lượng vé theo từng loại đang giữ trong request này: { '6a859b85c87a8fc4501293ca': 1 }
Số lượng vé theo từng loại đang giữ trong request này: { '6a859b85c87a8fc4501293ca': 1 }
Số lượng vé theo từng loại đang giữ trong request này: { '6a859b85c87a8fc4501293ca': 1 }
Số lượng vé theo từng loại đang giữ trong request này: { '6a859b85c87a8fc4501293ca': 1 }
Số lượng vé theo từng loại đang giữ trong request này: { '6a859b85c87a8fc4501293ca': 1 }
Số lượng vé theo từng loại đang giữ trong request này: { '6a859b85c87a8fc4501293ca': 1 }
Số lượng vé theo từng loại đang giữ trong request này: { '6a859b85c87a8fc4501293ca': 1 }
📢 [Trạm 1] Đang publish cho ghế 6a859b85c87a8fc4501297dc của Show 6a859b85c87a8fc4501293c8
📢 [Trạm 1] Đang publish cho ghế 6a859b85c87a8fc450129980 của Show 6a859b85c87a8fc4501293c8
📢 [Trạm 1] Đang publish cho ghế 6a859b85c87a8fc450129a34 của Show 6a859b85c87a8fc4501293c8
📢 [Trạm 1] Đang publish cho ghế 6a859b85c87a8fc4501294bc của Show 6a859b85c87a8fc4501293c8
📢 [Trạm 1] Đang publish cho ghế 6a859b85c87a8fc4501295c0 của Show 6a859b85c87a8fc4501293c8
📢 [Trạm 1] Đang publish cho ghế 6a859b85c87a8fc4501296c4 của Show 6a859b85c87a8fc4501293c8
📢 [Trạm 1] Đang publish cho ghế 6a859b85c87a8fc450129610 của Show 6a859b85c87a8fc4501293c8
📢 [Trạm 1] Đang publish cho ghế 6a859b85c87a8fc4501297a0 của Show 6a859b85c87a8fc4501293c8
📢 [Trạm 1] Đang publish cho ghế 6a859b85c87a8fc450129750 của Show 6a859b85c87a8fc4501293c8
📢 [Trạm 1] Đang publish cho ghế 6a859b85c87a8fc4501295d4 của Show 6a859b85c87a8fc4501293c8
📢 [Trạm 1] Đang publish cho ghế 6a859b85c87a8fc45012941c của Show 6a859b85c87a8fc4501293c8
📢 [Trạm 1] Đang publish cho ghế 6a859b85c87a8fc450129444 của Show 6a859b85c87a8fc4501293c8
📢 [Trạm 1] Đang publish cho ghế 6a859b85c87a8fc4501296d8 của Show 6a859b85c87a8fc4501293c8
📢 [Trạm 1] Đang publish cho ghế 6a859b85c87a8fc45012964c của Show 6a859b85c87a8fc4501293c8
📢 [Trạm 1] Đang publish cho ghế 6a859b85c87a8fc450129480 của Show 6a859b85c87a8fc4501293c8
📢 [Trạm 1] Đang publish cho ghế 6a859b85c87a8fc450129728 của Show 6a859b85c87a8fc4501293c8
📢 [Trạm 1] Đang publish cho ghế 6a859b85c87a8fc450129958 của Show 6a859b85c87a8fc4501293c8
📢 [Trạm 1] Đang publish cho ghế 6a859b85c87a8fc450129688 của Show 6a859b85c87a8fc4501293c8
📢 [Trạm 1] Đang publish cho ghế 6a859b85c87a8fc4501297f0 của Show 6a859b85c87a8fc4501293c8
📢 [Trạm 1] Đang publish cho ghế 6a859b85c87a8fc450129624 của Show 6a859b85c87a8fc4501293c8
📢 [Trạm 1] Đang publish cho ghế 6a859b85c87a8fc450129818 của Show 6a859b85c87a8fc4501293c8
Số lượng vé theo từng loại đang giữ trong request này: { '6a859b85c87a8fc4501293ca': 1 }
Số lượng vé theo từng loại đang giữ trong request này: { '6a859b85c87a8fc4501293ca': 1 }
Số lượng vé theo từng loại đang giữ trong request này: { '6a859b85c87a8fc4501293ca': 1 }
Số lượng vé theo từng loại đang giữ trong request này: { '6a859b85c87a8fc4501293ca': 1 }
Số lượng vé theo từng loại đang giữ trong request này: { '6a859b85c87a8fc4501293ca': 1 }
Số lượng vé theo từng loại đang giữ trong request này: { '6a859b85c87a8fc4501293ca': 1 }
Số lượng vé theo từng loại đang giữ trong request này: { '6a859b85c87a8fc4501293ca': 1 }
Số lượng vé theo từng loại đang giữ trong request này: { '6a859b85c87a8fc4501293ca': 1 }
📢 [Trạm 1] Đang publish cho ghế 6a859b85c87a8fc4501296ec của Show 6a859b85c87a8fc4501293c8
Số lượng vé theo từng loại đang giữ trong request này: { '6a859b85c87a8fc4501293ca': 1 }
Số lượng vé theo từng loại đang giữ trong request này: { '6a859b85c87a8fc4501293ca': 1 }
Số lượng vé theo từng loại đang giữ trong request này: { '6a859b85c87a8fc4501293ca': 1 }
Số lượng vé theo từng loại đang giữ trong request này: { '6a859b85c87a8fc4501293ca': 1 }
Số lượng vé theo từng loại đang giữ trong request này: { '6a859b85c87a8fc4501293ca': 1 }
Số lượng vé theo từng loại đang giữ trong request này: { '6a859b85c87a8fc4501293ca': 1 }
Số lượng vé theo từng loại đang giữ trong request này: { '6a859b85c87a8fc4501293ca': 1 }
Số lượng vé theo từng loại đang giữ trong request này: { '6a859b85c87a8fc4501293ca': 1 }
Số lượng vé theo từng loại đang giữ trong request này: { '6a859b85c87a8fc4501293ca': 1 }
Số lượng vé theo từng loại đang giữ trong request này: { '6a859b85c87a8fc4501293ca': 1 }
Số lượng vé theo từng loại đang giữ trong request này: { '6a859b85c87a8fc4501293ca': 1 }
Số lượng vé theo từng loại đang giữ trong request này: { '6a859b85c87a8fc4501293ca': 1 }
Số lượng vé theo từng loại đang giữ trong request này: { '6a859b85c87a8fc4501293ca': 1 }
Số lượng vé theo từng loại đang giữ trong request này: { '6a859b85c87a8fc4501293ca': 1 }
Số lượng vé theo từng loại đang giữ trong request này: { '6a859b85c87a8fc4501293ca': 1 }
Số lượng vé theo từng loại đang giữ trong request này: { '6a859b85c87a8fc4501293ca': 1 }
Số lượng vé theo từng loại đang giữ trong request này: { '6a859b85c87a8fc4501293ca': 1 }
Số lượng vé theo từng loại đang giữ trong request này: { '6a859b85c87a8fc4501293ca': 1 }
Số lượng vé theo từng loại đang giữ trong request này: { '6a859b85c87a8fc4501293ca': 1 }
Số lượng vé theo từng loại đang giữ trong request này: { '6a859b85c87a8fc4501293ca': 1 }
Số lượng vé theo từng loại đang giữ trong request này: { '6a859b85c87a8fc4501293ca': 1 }
📢 [Trạm 1] Đang publish cho ghế 6a859b85c87a8fc4501296b0 của Show 6a859b85c87a8fc4501293c8
Số lượng vé theo từng loại đang giữ trong request này: { '6a859b85c87a8fc4501293ca': 1 }
Số lượng vé theo từng loại đang giữ trong request này: { '6a859b85c87a8fc4501293ca': 1 }
Số lượng vé theo từng loại đang giữ trong request này: { '6a859b85c87a8fc4501293ca': 1 }
Số lượng vé theo từng loại đang giữ trong request này: { '6a859b85c87a8fc4501293ca': 1 }
Số lượng vé theo từng loại đang giữ trong request này: { '6a859b85c87a8fc4501293ca': 1 }
Số lượng vé theo từng loại đang giữ trong request này: { '6a859b85c87a8fc4501293ca': 1 }
Số lượng vé theo từng loại đang giữ trong request này: { '6a859b85c87a8fc4501293ca': 1 }
Số lượng vé theo từng loại đang giữ trong request này: { '6a859b85c87a8fc4501293ca': 1 }
Số lượng vé theo từng loại đang giữ trong request này: { '6a859b85c87a8fc4501293ca': 1 }
Số lượng vé theo từng loại đang giữ trong request này: { '6a859b85c87a8fc4501293ca': 1 }
Số lượng vé theo từng loại đang giữ trong request này: { '6a859b85c87a8fc4501293ca': 1 }
Số lượng vé theo từng loại đang giữ trong request này: { '6a859b85c87a8fc4501293ca': 1 }
Số lượng vé theo từng loại đang giữ trong request này: { '6a859b85c87a8fc4501293ca': 1 }
Số lượng vé theo từng loại đang giữ trong request này: { '6a859b85c87a8fc4501293ca': 1 }
Số lượng vé theo từng loại đang giữ trong request này: { '6a859b85c87a8fc4501293ca': 1 }
Số lượng vé theo từng loại đang giữ trong request này: { '6a859b85c87a8fc4501293ca': 1 }
📢 [Trạm 1] Đang publish cho ghế 6a859b85c87a8fc45012969c của Show 6a859b85c87a8fc4501293c8
Số lượng vé theo từng loại đang giữ trong request này: { '6a859b85c87a8fc4501293ca': 1 }
Số lượng vé theo từng loại đang giữ trong request này: { '6a859b85c87a8fc4501293ca': 1 }
Số lượng vé theo từng loại đang giữ trong request này: { '6a859b85c87a8fc4501293ca': 1 }
Số lượng vé theo từng loại đang giữ trong request này: { '6a859b85c87a8fc4501293ca': 1 }
Số lượng vé theo từng loại đang giữ trong request này: { '6a859b85c87a8fc4501293ca': 1 }
Số lượng vé theo từng loại đang giữ trong request này: { '6a859b85c87a8fc4501293ca': 1 }
Số lượng vé theo từng loại đang giữ trong request này: { '6a859b85c87a8fc4501293ca': 1 }
Số lượng vé theo từng loại đang giữ trong request này: { '6a859b85c87a8fc4501293ca': 1 }
Số lượng vé theo từng loại đang giữ trong request này: { '6a859b85c87a8fc4501293ca': 1 }
Số lượng vé theo từng loại đang giữ trong request này: { '6a859b85c87a8fc4501293ca': 1 }
Số lượng vé theo từng loại đang giữ trong request này: { '6a859b85c87a8fc4501293ca': 1 }
Số lượng vé theo từng loại đang giữ trong request này: { '6a859b85c87a8fc4501293ca': 1 }
Số lượng vé theo từng loại đang giữ trong request này: { '6a859b85c87a8fc4501293ca': 1 }
Số lượng vé theo từng loại đang giữ trong request này: { '6a859b85c87a8fc4501293ca': 1 }
Số lượng vé theo từng loại đang giữ trong request này: { '6a859b85c87a8fc4501293ca': 1 }
Số lượng vé theo từng loại đang giữ trong request này: { '6a859b85c87a8fc4501293ca': 1 }
Số lượng vé theo từng loại đang giữ trong request này: { '6a859b85c87a8fc4501293ca': 1 }
Số lượng vé theo từng loại đang giữ trong request này: { '6a859b85c87a8fc4501293ca': 1 }
Số lượng vé theo từng loại đang giữ trong request này: { '6a859b85c87a8fc4501293ca': 1 }
Số lượng vé theo từng loại đang giữ trong request này: { '6a859b85c87a8fc4501293ca': 1 }
Số lượng vé theo từng loại đang giữ trong request này: { '6a859b85c87a8fc4501293ca': 1 }
Số lượng vé theo từng loại đang giữ trong request này: { '6a859b85c87a8fc4501293ca': 1 }
Số lượng vé theo từng loại đang giữ trong request này: { '6a859b85c87a8fc4501293ca': 1 }
Số lượng vé theo từng loại đang giữ trong request này: { '6a859b85c87a8fc4501293ca': 1 }
📢 [Trạm 1] Đang publish cho ghế 6a859b85c87a8fc45012987c của Show 6a859b85c87a8fc4501293c8
📢 [Trạm 1] Đang publish cho ghế 6a859b85c87a8fc450129598 của Show 6a859b85c87a8fc4501293c8
📢 [Trạm 1] Đang publish cho ghế 6a859b85c87a8fc4501293cc của Show 6a859b85c87a8fc4501293c8
Số lượng vé theo từng loại đang giữ trong request này: { '6a859b85c87a8fc4501293ca': 1 }
Số lượng vé theo từng loại đang giữ trong request này: { '6a859b85c87a8fc4501293ca': 1 }
📢 [Trạm 1] Đang publish cho ghế 6a859b85c87a8fc4501297b4 của Show 6a859b85c87a8fc4501293c8
📢 [Trạm 1] Đang publish cho ghế 6a859b85c87a8fc450129674 của Show 6a859b85c87a8fc4501293c8
📢 [Trạm 1] Đang publish cho ghế 6a859b85c87a8fc450129714 của Show 6a859b85c87a8fc4501293c8
Số lượng vé theo từng loại đang giữ trong request này: { '6a859b85c87a8fc4501293ca': 1 }
Số lượng vé theo từng loại đang giữ trong request này: { '6a859b85c87a8fc4501293ca': 1 }
📢 [Trạm 1] Đang publish cho ghế 6a859b85c87a8fc450129430 của Show 6a859b85c87a8fc4501293c8
📢 [Trạm 1] Đang publish cho ghế 6a859b85c87a8fc45012950c của Show 6a859b85c87a8fc4501293c8
📢 [Trạm 1] Đang publish cho ghế 6a859b85c87a8fc450129764 của Show 6a859b85c87a8fc4501293c8
📢 [Trạm 1] Đang publish cho ghế 6a859b85c87a8fc4501294a8 của Show 6a859b85c87a8fc4501293c8
📢 [Trạm 1] Đang publish cho ghế 6a859b85c87a8fc450129548 của Show 6a859b85c87a8fc4501293c8
📢 [Trạm 1] Đang publish cho ghế 6a859b85c87a8fc450129494 của Show 6a859b85c87a8fc4501293c8
📢 [Trạm 1] Đang publish cho ghế 6a859b85c87a8fc4501295ac của Show 6a859b85c87a8fc4501293c8
📢 [Trạm 1] Đang publish cho ghế 6a859b85c87a8fc450129534 của Show 6a859b85c87a8fc4501293c8
📢 [Trạm 1] Đang publish cho ghế 6a859b85c87a8fc450129520 của Show 6a859b85c87a8fc4501293c8
📢 [Trạm 1] Đang publish cho ghế 6a859b85c87a8fc450129868 của Show 6a859b85c87a8fc4501293c8
📢 [Trạm 1] Đang publish cho ghế 6a859b85c87a8fc45012982c của Show 6a859b85c87a8fc4501293c8
📢 [Trạm 1] Đang publish cho ghế 6a859b85c87a8fc4501295e8 của Show 6a859b85c87a8fc4501293c8
Số lượng vé theo từng loại đang giữ trong request này: { '6a859b85c87a8fc4501293ca': 1 }
📢 [Trạm 1] Đang publish cho ghế 6a859b85c87a8fc4501294f8 của Show 6a859b85c87a8fc4501293c8
📢 [Trạm 1] Đang publish cho ghế 6a859b85c87a8fc450129584 của Show 6a859b85c87a8fc4501293c8
📢 [Trạm 1] Đang publish cho ghế 6a859b85c87a8fc450129700 của Show 6a859b85c87a8fc4501293c8
📢 [Trạm 1] Đang publish cho ghế 6a859b85c87a8fc4501294d0 của Show 6a859b85c87a8fc4501293c8
📢 [Trạm 1] Đang publish cho ghế 6a859b85c87a8fc4501295fc của Show 6a859b85c87a8fc4501293c8
📢 [Trạm 1] Đang publish cho ghế 6a859b85c87a8fc4501293f4 của Show 6a859b85c87a8fc4501293c8
Số lượng vé theo từng loại đang giữ trong request này: { '6a859b85c87a8fc4501293ca': 1 }
📢 [Trạm 1] Đang publish cho ghế 6a859b85c87a8fc45012996c của Show 6a859b85c87a8fc4501293c8
📢 [Trạm 1] Đang publish cho ghế 6a859b85c87a8fc450129854 của Show 6a859b85c87a8fc4501293c8
📢 [Trạm 1] Đang publish cho ghế 6a859b85c87a8fc4501298cc của Show 6a859b85c87a8fc4501293c8
📢 [Trạm 1] Đang publish cho ghế 6a859b85c87a8fc450129804 của Show 6a859b85c87a8fc4501293c8
📢 [Trạm 1] Đang publish cho ghế 6a859b85c87a8fc450129b4c của Show 6a859b85c87a8fc4501293c8
📢 [Trạm 1] Đang publish cho ghế 6a859b85c87a8fc450129778 của Show 6a859b85c87a8fc4501293c8
📢 [Trạm 1] Đang publish cho ghế 6a859b85c87a8fc450129ac0 của Show 6a859b85c87a8fc4501293c8
📢 [Trạm 1] Đang publish cho ghế 6a859b85c87a8fc4501298f4 của Show 6a859b85c87a8fc4501293c8
📢 [Trạm 1] Đang publish cho ghế 6a859b85c87a8fc4501293e0 của Show 6a859b85c87a8fc4501293c8
📢 [Trạm 1] Đang publish cho ghế 6a859b85c87a8fc450129b10 của Show 6a859b85c87a8fc4501293c8
📢 [Trạm 1] Đang publish cho ghế 6a859b85c87a8fc450129a5c của Show 6a859b85c87a8fc4501293c8
📢 [Trạm 1] Đang publish cho ghế 6a859b85c87a8fc450129660 của Show 6a859b85c87a8fc4501293c8
📢 [Trạm 1] Đang publish cho ghế 6a859b85c87a8fc45012978c của Show 6a859b85c87a8fc4501293c8
📢 [Trạm 1] Đang publish cho ghế 6a859b85c87a8fc450129b38 của Show 6a859b85c87a8fc4501293c8
📢 [Trạm 1] Đang publish cho ghế 6a859b85c87a8fc4501298a4 của Show 6a859b85c87a8fc4501293c8
📢 [Trạm 1] Đang publish cho ghế 6a859b85c87a8fc4501299bc của Show 6a859b85c87a8fc4501293c8
📢 [Trạm 1] Đang publish cho ghế 6a859b85c87a8fc4501298e0 của Show 6a859b85c87a8fc4501293c8
📢 [Trạm 1] Đang publish cho ghế 6a859b85c87a8fc4501299e4 của Show 6a859b85c87a8fc4501293c8
📢 [Trạm 1] Đang publish cho ghế 6a859b85c87a8fc450129458 của Show 6a859b85c87a8fc4501293c8
📢 [Trạm 1] Đang publish cho ghế 6a859b85c87a8fc450129b60 của Show 6a859b85c87a8fc4501293c8
📢 [Trạm 1] Đang publish cho ghế 6a859b85c87a8fc450129930 của Show 6a859b85c87a8fc4501293c8
Số lượng vé theo từng loại đang giữ trong request này: { '6a859b85c87a8fc4501293ca': 1 }
📢 [Trạm 1] Đang publish cho ghế 6a859b85c87a8fc450129408 của Show 6a859b85c87a8fc4501293c8
📢 [Trạm 1] Đang publish cho ghế 6a859b85c87a8fc450129aac của Show 6a859b85c87a8fc4501293c8
📢 [Trạm 1] Đang publish cho ghế 6a859b85c87a8fc450129afc của Show 6a859b85c87a8fc4501293c8
📢 [Trạm 1] Đang publish cho ghế 6a859b85c87a8fc4501299f8 của Show 6a859b85c87a8fc4501293c8
📢 [Trạm 1] Đang publish cho ghế 6a859b85c87a8fc450129ad4 của Show 6a859b85c87a8fc4501293c8
📢 [Trạm 1] Đang publish cho ghế 6a859b85c87a8fc450129638 của Show 6a859b85c87a8fc4501293c8
📢 [Trạm 1] Đang publish cho ghế 6a859b85c87a8fc450129b24 của Show 6a859b85c87a8fc4501293c8
📢 [Trạm 1] Đang publish cho ghế 6a859b85c87a8fc450129944 của Show 6a859b85c87a8fc4501293c8
📢 [Trạm 1] Đang publish cho ghế 6a859b85c87a8fc450129840 của Show 6a859b85c87a8fc4501293c8
📢 [Trạm 1] Đang publish cho ghế 6a859b85c87a8fc4501299a8 của Show 6a859b85c87a8fc4501293c8
📢 [Trạm 1] Đang publish cho ghế 6a859b85c87a8fc450129ae8 của Show 6a859b85c87a8fc4501293c8
📢 [Trạm 1] Đang publish cho ghế 6a859b85c87a8fc450129890 của Show 6a859b85c87a8fc4501293c8
📢 [Trạm 1] Đang publish cho ghế 6a859b85c87a8fc45012946c của Show 6a859b85c87a8fc4501293c8
📢 [Trạm 1] Đang publish cho ghế 6a859b85c87a8fc450129a20 của Show 6a859b85c87a8fc4501293c8
📢 [Trạm 1] Đang publish cho ghế 6a859b85c87a8fc45012991c của Show 6a859b85c87a8fc4501293c8
📢 [Trạm 1] Đang publish cho ghế 6a859b85c87a8fc450129570 của Show 6a859b85c87a8fc4501293c8
📢 [Trạm 1] Đang publish cho ghế 6a859b85c87a8fc450129b88 của Show 6a859b85c87a8fc4501293c8
📢 [Trạm 1] Đang publish cho ghế 6a859b85c87a8fc450129908 của Show 6a859b85c87a8fc4501293c8
📢 [Trạm 1] Đang publish cho ghế 6a859b85c87a8fc450129a70 của Show 6a859b85c87a8fc4501293c8
Số lượng vé theo từng loại đang giữ trong request này: { '6a859b85c87a8fc4501293ca': 1 }
📢 [Trạm 1] Đang publish cho ghế 6a859b85c87a8fc4501298b8 của Show 6a859b85c87a8fc4501293c8
📢 [Trạm 1] Đang publish cho ghế 6a859b85c87a8fc450129b74 của Show 6a859b85c87a8fc4501293c8
📢 [Trạm 1] Đang publish cho ghế 6a859b85c87a8fc4501294e4 của Show 6a859b85c87a8fc4501293c8
📢 [Trạm 1] Đang publish cho ghế 6a859b85c87a8fc45012973c của Show 6a859b85c87a8fc4501293c8
📢 [Trạm 1] Đang publish cho ghế 6a859b85c87a8fc4501297c8 của Show 6a859b85c87a8fc4501293c8
📢 [Trạm 1] Đang publish cho ghế 6a859b85c87a8fc450129a84 của Show 6a859b85c87a8fc4501293c8
📢 [Trạm 1] Đang publish cho ghế 6a859b85c87a8fc450129a48 của Show 6a859b85c87a8fc4501293c8
📢 [Trạm 1] Đang publish cho ghế 6a859b85c87a8fc45012955c của Show 6a859b85c87a8fc4501293c8
📢 [Trạm 1] Đang publish cho ghế 6a859b85c87a8fc450129a98 của Show 6a859b85c87a8fc4501293c8
Số lượng vé theo từng loại đang giữ trong request này: { '6a859b85c87a8fc4501293ca': 1 }
📢 [Trạm 1] Đang publish cho ghế 6a859b85c87a8fc4501299d0 của Show 6a859b85c87a8fc4501293c8
📢 [Trạm 1] Đang publish cho ghế 6a859b85c87a8fc450129994 của Show 6a859b85c87a8fc4501293c8
📢 [Trạm 1] Đang publish cho ghế 6a859b85c87a8fc450129a0c của Show 6a859b85c87a8fc4501293c8
